[21-08-2026 17:27:19.92] Starting daily system designer 
Today: 2026-08-21 | Start: 2026-08-20 | Day index: 1 | Week: 1 | Level: 1 | Day in week: 2
Generating system: Markdown Tagger
Folder: C:\Users\itssh\SystemBuildPlanner_Executions\systems\W01-L01-D002-markdown-tagger
Committed and pushed successfully.
Done: https://github.com/itsaslamopenclawdata/SystemBuildPlanner_Executions/tree/main/systems/W01-L01-D002-markdown-tagger
[21-08-2026 17:27:24.97] Finished with exit code 0 
[22-08-2026 17:39:02.84] Starting daily system designer 
Today: 2026-08-22 | Start: 2026-08-20 | Day index: 2 | Week: 1 | Level: 1 | Day in week: 3
Generating system: Book Note Taker
Folder: C:\Users\itssh\SystemBuildPlanner_Executions\systems\W01-L01-D003-book-note-taker
Committed and pushed successfully.
Done: https://github.com/itsaslamopenclawdata/SystemBuildPlanner_Executions/tree/main/systems/W01-L01-D003-book-note-taker
[22-08-2026 17:39:09.53] Finished with exit code 0 
[23-08-2026 17:27:15.31] Starting daily system designer 
Today: 2026-08-23 | Start: 2026-08-20 | Day index: 3 | Week: 1 | Level: 1 | Day in week: 4
Generating system: Expense Recorder
Folder: C:\Users\itssh\SystemBuildPlanner_Executions\systems\W01-L01-D004-expense-recorder
Committed and pushed successfully.
Done: https://github.com/itsaslamopenclawdata/SystemBuildPlanner_Executions/tree/main/systems/W01-L01-D004-expense-recorder
[23-08-2026 17:27:21.54] Finished with exit code 0 
[24-08-2026 17:12:42.43] Starting daily system designer 
Today: 2026-08-24 | Start: 2026-08-20 | Day index: 4 | Week: 1 | Level: 1 | Day in week: 5
Generating system: Expense Recorder
Folder: C:\Users\itssh\SystemBuildPlanner_Executions\systems\W01-L01-D005-expense-recorder
Committed and pushed successfully.
Done: https://github.com/itsaslamopenclawdata/SystemBuildPlanner_Executions/tree/main/systems/W01-L01-D005-expense-recorder
[24-08-2026 17:12:46.14] Finished with exit code 0 
[25-08-2026 18:01:25.21] Starting daily system designer 
Today: 2026-08-25 | Start: 2026-08-20 | Day index: 5 | Week: 1 | Level: 1 | Day in week: 6
Generating system: Markdown Tagger
Folder: C:\Users\itssh\SystemBuildPlanner_Executions\systems\W01-L01-D006-markdown-tagger
Committed and pushed successfully.
Done: https://github.com/itsaslamopenclawdata/SystemBuildPlanner_Executions/tree/main/systems/W01-L01-D006-markdown-tagger
[25-08-2026 18:01:29.48] Finished with exit code 0 
[27-08-2026 17:44:35.98] Starting daily system designer 
Today: 2026-08-27 | Start: 2026-08-20 | Day index: 7 | Week: 2 | Level: 2 | Day in week: 1
Generating system: Reading Time Estimator
Folder: C:\Users\itssh\SystemBuildPlanner_Executions\systems\W02-L02-D008-reading-time-estimator
Committed and pushed successfully.
Done: https://github.com/itsaslamopenclawdata/SystemBuildPlanner_Executions/tree/main/systems/W02-L02-D008-reading-time-estimator
[27-08-2026 17:44:40.13] Finished with exit code 0 
[28-08-2026 17:00:01.72] Starting daily system designer 
Today: 2026-08-28 | Start: 2026-08-20 | Day index: 8 | Week: 2 | Level: 2 | Day in week: 2
Generating system: Tweet Generator
Folder: C:\Users\itssh\SystemBuildPlanner_Executions\systems\W02-L02-D009-tweet-generator
Committed and pushed successfully.
Done: https://github.com/itsaslamopenclawdata/SystemBuildPlanner_Executions/tree/main/systems/W02-L02-D009-tweet-generator
[28-08-2026 17:00:06.15] Finished with exit code 0 
[30-08-2026 18:03:03.45] Starting daily system designer 
Git operation failed: fatal: unable to access 'https://github.com/itsaslamopenclawdata/SystemBuildPlanner_Executions.git/': Could not resolve host: github.com

Today: 2026-08-30 | Start: 2026-08-20 | Day index: 10 | Week: 2 | Level: 2 | Day in week: 4
Generating system: Smart Note Summarizer
Folder: C:\Users\itssh\SystemBuildPlanner_Executions\systems\W02-L02-D011-smart-note-summarizer
[30-08-2026 18:03:04.58] Finished with exit code 1 
[31-08-2026 20:44:23.34] Starting daily system designer 
Today: 2026-08-31 | Start: 2026-08-20 | Day index: 11 | Week: 2 | Level: 2 | Day in week: 5
Generating system: Documentation Translator
Folder: C:\Users\itssh\SystemBuildPlanner_Executions\systems\W02-L02-D012-documentation-translator
Committed and pushed successfully.
Done: https://github.com/itsaslamopenclawdata/SystemBuildPlanner_Executions/tree/main/systems/W02-L02-D012-documentation-translator
[31-08-2026 20:44:27.15] Finished with exit code 0 
[01-09-2026 18:36:46.22] Starting daily system designer 
Today: 2026-09-01 | Start: 2026-08-20 | Day index: 12 | Week: 2 | Level: 2 | Day in week: 6
Generating system: Code Commenter
Folder: C:\Users\itssh\SystemBuildPlanner_Executions\systems\W02-L02-D013-code-commenter
Committed and pushed successfully.
Done: https://github.com/itsaslamopenclawdata/SystemBuildPlanner_Executions/tree/main/systems/W02-L02-D013-code-commenter
[01-09-2026 18:36:49.59] Finished with exit code 0 
[02-09-2026 18:22:02.36] Starting daily system designer 
Git operation failed: fatal: unable to access 'https://github.com/itsaslamopenclawdata/SystemBuildPlanner_Executions.git/': Resolving timed out after 2336447 milliseconds

Today: 2026-09-02 | Start: 2026-08-20 | Day index: 13 | Week: 2 | Level: 2 | Day in week: 7
Generating system: Bug Report Classifier
Folder: C:\Users\itssh\SystemBuildPlanner_Executions\systems\W02-L02-D014-bug-report-classifier
[02-09-2026 19:01:00.51] Finished with exit code 1 
[03-09-2026 17:59:45.24] Starting daily system designer 
Today: 2026-09-03 | Start: 2026-08-20 | Day index: 14 | Week: 3 | Level: 3 | Day in week: 1
Generating system: API Docs Builder
Folder: C:\Users\itssh\SystemBuildPlanner_Executions\systems\W03-L03-D015-api-docs-builder
Committed and pushed successfully.
Done: https://github.com/itsaslamopenclawdata/SystemBuildPlanner_Executions/tree/main/systems/W03-L03-D015-api-docs-builder
[03-09-2026 17:59:49.33] Finished with exit code 0 
[04-09-2026 17:00:01.61] Starting daily system designer 
Today: 2026-09-04 | Start: 2026-08-20 | Day index: 15 | Week: 3 | Level: 3 | Day in week: 2
Generating system: Blog Post Pipeline
Folder: C:\Users\itssh\SystemBuildPlanner_Executions\systems\W03-L03-D016-blog-post-pipeline
Committed and pushed successfully.
Done: https://github.com/itsaslamopenclawdata/SystemBuildPlanner_Executions/tree/main/systems/W03-L03-D016-blog-post-pipeline
[04-09-2026 17:00:04.93] Finished with exit code 0 
[06-09-2026 18:07:40.59] Starting daily system designer 
Today: 2026-09-06 | Start: 2026-08-20 | Day index: 17 | Week: 3 | Level: 3 | Day in week: 4
Generating system: Customer Feedback Synthesizer
Folder: C:\Users\itssh\SystemBuildPlanner_Executions\systems\W03-L03-D018-customer-feedback-synthesizer
Committed and pushed successfully.
Done: https://github.com/itsaslamopenclawdata/SystemBuildPlanner_Executions/tree/main/systems/W03-L03-D018-customer-feedback-synthesizer
[06-09-2026 18:07:44.03] Finished with exit code 0 
[07-09-2026 17:48:10.21] Starting daily system designer 
Today: 2026-09-07 | Start: 2026-08-20 | Day index: 18 | Week: 3 | Level: 3 | Day in week: 5
Generating system: Decision Helper
Folder: C:\Users\itssh\SystemBuildPlanner_Executions\systems\W03-L03-D019-decision-helper
Committed and pushed successfully.
Done: https://github.com/itsaslamopenclawdata/SystemBuildPlanner_Executions/tree/main/systems/W03-L03-D019-decision-helper
[07-09-2026 17:48:14.34] Finished with exit code 0 
[08-09-2026 18:02:41.92] Starting daily system designer 
Today: 2026-09-08 | Start: 2026-08-20 | Day index: 19 | Week: 3 | Level: 3 | Day in week: 6
Generating system: Decision Helper
Folder: C:\Users\itssh\SystemBuildPlanner_Executions\systems\W03-L03-D020-decision-helper
Committed and pushed successfully.
Done: https://github.com/itsaslamopenclawdata/SystemBuildPlanner_Executions/tree/main/systems/W03-L03-D020-decision-helper
[08-09-2026 18:02:46.45] Finished with exit code 0 
[10-09-2026 18:32:54.74] Starting daily system designer 
Today: 2026-09-10 | Start: 2026-08-20 | Day index: 21 | Week: 4 | Level: 4 | Day in week: 1
Generating system: Code Explainer Agent
Folder: C:\Users\itssh\SystemBuildPlanner_Executions\systems\W04-L04-D022-code-explainer-agent
Committed and pushed successfully.
Done: https://github.com/itsaslamopenclawdata/SystemBuildPlanner_Executions/tree/main/systems/W04-L04-D022-code-explainer-agent
[10-09-2026 18:32:59.48] Finished with exit code 0 
[11-09-2026 18:30:11.86] Starting daily system designer 
Today: 2026-09-11 | Start: 2026-08-20 | Day index: 22 | Week: 4 | Level: 4 | Day in week: 2
Generating system: Security Review Agent
Folder: C:\Users\itssh\SystemBuildPlanner_Executions\systems\W04-L04-D023-security-review-agent
Committed and pushed successfully.
Done: https://github.com/itsaslamopenclawdata/SystemBuildPlanner_Executions/tree/main/systems/W04-L04-D023-security-review-agent
[11-09-2026 18:30:16.78] Finished with exit code 0 
[12-09-2026 18:37:23.64] Starting daily system designer 
Git operation failed: fatal: unable to access 'https://github.com/itsaslamopenclawdata/SystemBuildPlanner_Executions.git/': Could not resolve host: github.com

Today: 2026-09-12 | Start: 2026-08-20 | Day index: 23 | Week: 4 | Level: 4 | Day in week: 3
Generating system: Architecture Review Agent
Folder: C:\Users\itssh\SystemBuildPlanner_Executions\systems\W04-L04-D024-architecture-review-agent
[12-09-2026 18:37:25.59] Finished with exit code 1 
[13-09-2026 20:54:31.67] Starting daily system designer 
Today: 2026-09-13 | Start: 2026-08-20 | Day index: 24 | Week: 4 | Level: 4 | Day in week: 4
Generating system: Code Explainer Agent
Folder: C:\Users\itssh\SystemBuildPlanner_Executions\systems\W04-L04-D025-code-explainer-agent
Committed and pushed successfully.
Done: https://github.com/itsaslamopenclawdata/SystemBuildPlanner_Executions/tree/main/systems/W04-L04-D025-code-explainer-agent
[13-09-2026 20:54:35.64] Finished with exit code 0 
[14-09-2026 17:00:02.40] Starting daily system designer 
Today: 2026-09-14 | Start: 2026-08-20 | Day index: 25 | Week: 4 | Level: 4 | Day in week: 5
Generating system: Doc Update Agent
Folder: C:\Users\itssh\SystemBuildPlanner_Executions\systems\W04-L04-D026-doc-update-agent
Committed and pushed successfully.
Done: https://github.com/itsaslamopenclawdata/SystemBuildPlanner_Executions/tree/main/systems/W04-L04-D026-doc-update-agent
[14-09-2026 17:00:05.31] Finished with exit code 0 
[15-09-2026 17:00:02.70] Starting daily system designer 
Today: 2026-09-15 | Start: 2026-08-20 | Day index: 26 | Week: 4 | Level: 4 | Day in week: 6
Generating system: Security Review Agent
Folder: C:\Users\itssh\SystemBuildPlanner_Executions\systems\W04-L04-D027-security-review-agent
Committed and pushed successfully.
Done: https://github.com/itsaslamopenclawdata/SystemBuildPlanner_Executions/tree/main/systems/W04-L04-D027-security-review-agent
[15-09-2026 17:00:06.92] Finished with exit code 0 
[16-09-2026 17:08:46.15] Starting daily system designer 
Today: 2026-09-16 | Start: 2026-08-20 | Day index: 27 | Week: 4 | Level: 4 | Day in week: 7
Generating system: Architecture Review Agent
Folder: C:\Users\itssh\SystemBuildPlanner_Executions\systems\W04-L04-D028-architecture-review-agent
Committed and pushed successfully.
Done: https://github.com/itsaslamopenclawdata/SystemBuildPlanner_Executions/tree/main/systems/W04-L04-D028-architecture-review-agent
[16-09-2026 17:08:49.22] Finished with exit code 0 
[17-09-2026 17:00:01.66] Starting daily system designer 
Today: 2026-09-17 | Start: 2026-08-20 | Day index: 28 | Week: 5 | Level: 5 | Day in week: 1
Generating system: Onboarding Crew
Folder: C:\Users\itssh\SystemBuildPlanner_Executions\systems\W05-L05-D029-onboarding-crew
Committed and pushed successfully.
Done: https://github.com/itsaslamopenclawdata/SystemBuildPlanner_Executions/tree/main/systems/W05-L05-D029-onboarding-crew
[17-09-2026 17:00:04.89] Finished with exit code 0 
[18-09-2026 17:00:02.37] Starting daily system designer 
Today: 2026-09-18 | Start: 2026-08-20 | Day index: 29 | Week: 5 | Level: 5 | Day in week: 2
Generating system: Customer Support Crew
Folder: C:\Users\itssh\SystemBuildPlanner_Executions\systems\W05-L05-D030-customer-support-crew
Committed and pushed successfully.
Done: https://github.com/itsaslamopenclawdata/SystemBuildPlanner_Executions/tree/main/systems/W05-L05-D030-customer-support-crew
[18-09-2026 17:00:07.43] Finished with exit code 0 
[21-09-2026 17:00:02.08] Starting daily system designer 
Today: 2026-09-21 | Start: 2026-08-20 | Day index: 32 | Week: 5 | Level: 5 | Day in week: 5
Generating system: Design Critique Crew
Folder: C:\Users\itssh\SystemBuildPlanner_Executions\systems\W05-L05-D033-design-critique-crew
Committed and pushed successfully.
Done: https://github.com/itsaslamopenclawdata/SystemBuildPlanner_Executions/tree/main/systems/W05-L05-D033-design-critique-crew
[21-09-2026 17:00:05.55] Finished with exit code 0 
[22-09-2026 17:52:51.24] Starting daily system designer 
